check function prusti_post_check_item_stuff is performed
check function prusti_post_check_item_stuff is performed
