thread 'main' panicked at $DIR/old-non-ref.rs:15:1:
Prusti Runtime Checks: Contract #[ensures(old(x.field) + 4 == x.field)] was violated at runtime
note: run with `RUST_BACKTRACE=1` environment variable to display a backtrace
