thread 'main' panicked at $DIR/post-simple.rs:12:1:
Prusti Runtime Checks: Contract #[ensures(result % 2 == 0)] was violated at runtime
note: run with `RUST_BACKTRACE=1` environment variable to display a backtrace
