thread 'main' panicked at $DIR/type-alias.rs:19:1:
Prusti Runtime Checks: Contract #[ensures(old(x.x) == y.x)] was violated at runtime
note: run with `RUST_BACKTRACE=1` environment variable to display a backtrace
