thread 'main' panicked at $DIR/forall.rs:6:43:
Prusti Runtime Checks: Contract prusti_assume!(forall(|x: usize| x < 6 ==> v[x] < 6)) was violated at runtime
	> expression x < 6 ==> v[x] < 6 was violated for index x=5
note: run with `RUST_BACKTRACE=1` environment variable to display a backtrace
