thread 'main' panicked at $DIR/invariant-old.rs:12:48:
Prusti Runtime Checks: Contract body_invariant!(old(*x) * 5 == res + *x * 5) was violated at runtime
note: run with `RUST_BACKTRACE=1` environment variable to display a backtrace
