thread 'main' panicked at $DIR/old-locals.rs:30:44:
Prusti Runtime Checks: Contract prusti_assert!(old({let a = x; *a == 1})) was violated at runtime
note: run with `RUST_BACKTRACE=1` environment variable to display a backtrace
