Analyzing file $DIR/repeated_assignment.rs using ReachingDefsAnalysis...
Result for function main():
{
  "bb0": [
    [
      [
        "state:",
        {},
        "statement: StorageLive(_1)"
      ],
      [
        "state:",
        {},
        "statement: _1 = const 1_i32"
      ],
      [
        "state:",
        {
          "_1": [
            "bb0[1]: _1 = const 1_i32"
          ]
        },
        "statement: FakeRead(ForLet(None), _1)"
      ],
      [
        "state:",
        {
          "_1": [
            "bb0[1]: _1 = const 1_i32"
          ]
        },
        "statement: StorageLive(_2)"
      ],
      [
        "state:",
        {
          "_1": [
            "bb0[1]: _1 = const 1_i32"
          ]
        },
        "statement: _2 = const 3_i32"
      ],
      [
        "state:",
        {
          "_1": [
            "bb0[1]: _1 = const 1_i32"
          ],
          "_2": [
            "bb0[4]: _2 = const 3_i32"
          ]
        },
        "statement: FakeRead(ForLet(None), _2)"
      ],
      [
        "state:",
        {
          "_1": [
            "bb0[1]: _1 = const 1_i32"
          ],
          "_2": [
            "bb0[4]: _2 = const 3_i32"
          ]
        },
        "statement: StorageLive(_3)"
      ]
    ],
    "state before terminator:",
    {
      "_1": [
        "bb0[1]: _1 = const 1_i32"
      ],
      "_2": [
        "bb0[4]: _2 = const 3_i32"
      ]
    },
    "terminator: _3 = input() -> [return: bb1, unwind: bb5]",
    {
      "bb1": [
        "state:",
        {
          "_1": [
            "bb0[1]: _1 = const 1_i32"
          ],
          "_2": [
            "bb0[4]: _2 = const 3_i32"
          ],
          "_3": [
            "bb0[7]: _3 = input() -> [return: bb1, unwind: bb5]"
          ]
        }
      ],
      "bb5": [
        "state:",
        {
          "_1": [
            "bb0[1]: _1 = const 1_i32"
          ],
          "_2": [
            "bb0[4]: _2 = const 3_i32"
          ],
          "_3": [
            "bb0[7]: _3 = input() -> [return: bb1, unwind: bb5]"
          ]
        }
      ]
    }
  ],
  "bb1": [
    [
      [
        "state:",
        {
          "_1": [
            "bb0[1]: _1 = const 1_i32"
          ],
          "_2": [
            "bb0[4]: _2 = const 3_i32"
          ],
          "_3": [
            "bb0[7]: _3 = input() -> [return: bb1, unwind: bb5]"
          ]
        },
        "statement: _1 = move _3"
      ],
      [
        "state:",
        {
          "_1": [
            "bb1[0]: _1 = move _3"
          ],
          "_2": [
            "bb0[4]: _2 = const 3_i32"
          ],
          "_3": [
            "bb0[7]: _3 = input() -> [return: bb1, unwind: bb5]"
          ]
        },
        "statement: StorageDead(_3)"
      ],
      [
        "state:",
        {
          "_1": [
            "bb1[0]: _1 = move _3"
          ],
          "_2": [
            "bb0[4]: _2 = const 3_i32"
          ],
          "_3": [
            "bb0[7]: _3 = input() -> [return: bb1, unwind: bb5]"
          ]
        },
        "statement: StorageLive(_4)"
      ],
      [
        "state:",
        {
          "_1": [
            "bb1[0]: _1 = move _3"
          ],
          "_2": [
            "bb0[4]: _2 = const 3_i32"
          ],
          "_3": [
            "bb0[7]: _3 = input() -> [return: bb1, unwind: bb5]"
          ]
        },
        "statement: StorageLive(_5)"
      ],
      [
        "state:",
        {
          "_1": [
            "bb1[0]: _1 = move _3"
          ],
          "_2": [
            "bb0[4]: _2 = const 3_i32"
          ],
          "_3": [
            "bb0[7]: _3 = input() -> [return: bb1, unwind: bb5]"
          ]
        },
        "statement: StorageLive(_6)"
      ],
      [
        "state:",
        {
          "_1": [
            "bb1[0]: _1 = move _3"
          ],
          "_2": [
            "bb0[4]: _2 = const 3_i32"
          ],
          "_3": [
            "bb0[7]: _3 = input() -> [return: bb1, unwind: bb5]"
          ]
        },
        "statement: _6 = _1"
      ],
      [
        "state:",
        {
          "_1": [
            "bb1[0]: _1 = move _3"
          ],
          "_2": [
            "bb0[4]: _2 = const 3_i32"
          ],
          "_3": [
            "bb0[7]: _3 = input() -> [return: bb1, unwind: bb5]"
          ],
          "_6": [
            "bb1[5]: _6 = _1"
          ]
        },
        "statement: _5 = Gt(move _6, const 2_i32)"
      ],
      [
        "state:",
        {
          "_1": [
            "bb1[0]: _1 = move _3"
          ],
          "_2": [
            "bb0[4]: _2 = const 3_i32"
          ],
          "_3": [
            "bb0[7]: _3 = input() -> [return: bb1, unwind: bb5]"
          ],
          "_5": [
            "bb1[6]: _5 = Gt(move _6, const 2_i32)"
          ],
          "_6": [
            "bb1[5]: _6 = _1"
          ]
        },
        "statement: StorageDead(_6)"
      ]
    ],
    "state before terminator:",
    {
      "_1": [
        "bb1[0]: _1 = move _3"
      ],
      "_2": [
        "bb0[4]: _2 = const 3_i32"
      ],
      "_3": [
        "bb0[7]: _3 = input() -> [return: bb1, unwind: bb5]"
      ],
      "_5": [
        "bb1[6]: _5 = Gt(move _6, const 2_i32)"
      ],
      "_6": [
        "bb1[5]: _6 = _1"
      ]
    },
    "terminator: switchInt(move _5) -> [0: bb3, otherwise: bb2]",
    {
      "bb2": [
        "state:",
        {
          "_1": [
            "bb1[0]: _1 = move _3"
          ],
          "_2": [
            "bb0[4]: _2 = const 3_i32"
          ],
          "_3": [
            "bb0[7]: _3 = input() -> [return: bb1, unwind: bb5]"
          ],
          "_5": [
            "bb1[6]: _5 = Gt(move _6, const 2_i32)"
          ],
          "_6": [
            "bb1[5]: _6 = _1"
          ]
        }
      ],
      "bb3": [
        "state:",
        {
          "_1": [
            "bb1[0]: _1 = move _3"
          ],
          "_2": [
            "bb0[4]: _2 = const 3_i32"
          ],
          "_3": [
            "bb0[7]: _3 = input() -> [return: bb1, unwind: bb5]"
          ],
          "_5": [
            "bb1[6]: _5 = Gt(move _6, const 2_i32)"
          ],
          "_6": [
            "bb1[5]: _6 = _1"
          ]
        }
      ]
    }
  ],
  "bb2": [
    [
      [
        "state:",
        {
          "_1": [
            "bb1[0]: _1 = move _3"
          ],
          "_2": [
            "bb0[4]: _2 = const 3_i32"
          ],
          "_3": [
            "bb0[7]: _3 = input() -> [return: bb1, unwind: bb5]"
          ],
          "_5": [
            "bb1[6]: _5 = Gt(move _6, const 2_i32)"
          ],
          "_6": [
            "bb1[5]: _6 = _1"
          ]
        },
        "statement: _2 = const 5_i32"
      ],
      [
        "state:",
        {
          "_1": [
            "bb1[0]: _1 = move _3"
          ],
          "_2": [
            "bb2[0]: _2 = const 5_i32"
          ],
          "_3": [
            "bb0[7]: _3 = input() -> [return: bb1, unwind: bb5]"
          ],
          "_5": [
            "bb1[6]: _5 = Gt(move _6, const 2_i32)"
          ],
          "_6": [
            "bb1[5]: _6 = _1"
          ]
        },
        "statement: _4 = const ()"
      ]
    ],
    "state before terminator:",
    {
      "_1": [
        "bb1[0]: _1 = move _3"
      ],
      "_2": [
        "bb2[0]: _2 = const 5_i32"
      ],
      "_3": [
        "bb0[7]: _3 = input() -> [return: bb1, unwind: bb5]"
      ],
      "_4": [
        "bb2[1]: _4 = const ()"
      ],
      "_5": [
        "bb1[6]: _5 = Gt(move _6, const 2_i32)"
      ],
      "_6": [
        "bb1[5]: _6 = _1"
      ]
    },
    "terminator: goto -> bb4",
    {
      "bb4": [
        "state:",
        {
          "_1": [
            "bb1[0]: _1 = move _3"
          ],
          "_2": [
            "bb2[0]: _2 = const 5_i32"
          ],
          "_3": [
            "bb0[7]: _3 = input() -> [return: bb1, unwind: bb5]"
          ],
          "_4": [
            "bb2[1]: _4 = const ()"
          ],
          "_5": [
            "bb1[6]: _5 = Gt(move _6, const 2_i32)"
          ],
          "_6": [
            "bb1[5]: _6 = _1"
          ]
        }
      ]
    }
  ],
  "bb3": [
    [
      [
        "state:",
        {
          "_1": [
            "bb1[0]: _1 = move _3"
          ],
          "_2": [
            "bb0[4]: _2 = const 3_i32"
          ],
          "_3": [
            "bb0[7]: _3 = input() -> [return: bb1, unwind: bb5]"
          ],
          "_5": [
            "bb1[6]: _5 = Gt(move _6, const 2_i32)"
          ],
          "_6": [
            "bb1[5]: _6 = _1"
          ]
        },
        "statement: _2 = const 7_i32"
      ],
      [
        "state:",
        {
          "_1": [
            "bb1[0]: _1 = move _3"
          ],
          "_2": [
            "bb3[0]: _2 = const 7_i32"
          ],
          "_3": [
            "bb0[7]: _3 = input() -> [return: bb1, unwind: bb5]"
          ],
          "_5": [
            "bb1[6]: _5 = Gt(move _6, const 2_i32)"
          ],
          "_6": [
            "bb1[5]: _6 = _1"
          ]
        },
        "statement: _4 = const ()"
      ]
    ],
    "state before terminator:",
    {
      "_1": [
        "bb1[0]: _1 = move _3"
      ],
      "_2": [
        "bb3[0]: _2 = const 7_i32"
      ],
      "_3": [
        "bb0[7]: _3 = input() -> [return: bb1, unwind: bb5]"
      ],
      "_4": [
        "bb3[1]: _4 = const ()"
      ],
      "_5": [
        "bb1[6]: _5 = Gt(move _6, const 2_i32)"
      ],
      "_6": [
        "bb1[5]: _6 = _1"
      ]
    },
    "terminator: goto -> bb4",
    {
      "bb4": [
        "state:",
        {
          "_1": [
            "bb1[0]: _1 = move _3"
          ],
          "_2": [
            "bb3[0]: _2 = const 7_i32"
          ],
          "_3": [
            "bb0[7]: _3 = input() -> [return: bb1, unwind: bb5]"
          ],
          "_4": [
            "bb3[1]: _4 = const ()"
          ],
          "_5": [
            "bb1[6]: _5 = Gt(move _6, const 2_i32)"
          ],
          "_6": [
            "bb1[5]: _6 = _1"
          ]
        }
      ]
    }
  ],
  "bb4": [
    [
      [
        "state:",
        {
          "_1": [
            "bb1[0]: _1 = move _3"
          ],
          "_2": [
            "bb2[0]: _2 = const 5_i32",
            "bb3[0]: _2 = const 7_i32"
          ],
          "_3": [
            "bb0[7]: _3 = input() -> [return: bb1, unwind: bb5]"
          ],
          "_4": [
            "bb2[1]: _4 = const ()",
            "bb3[1]: _4 = const ()"
          ],
          "_5": [
            "bb1[6]: _5 = Gt(move _6, const 2_i32)"
          ],
          "_6": [
            "bb1[5]: _6 = _1"
          ]
        },
        "statement: StorageDead(_5)"
      ],
      [
        "state:",
        {
          "_1": [
            "bb1[0]: _1 = move _3"
          ],
          "_2": [
            "bb2[0]: _2 = const 5_i32",
            "bb3[0]: _2 = const 7_i32"
          ],
          "_3": [
            "bb0[7]: _3 = input() -> [return: bb1, unwind: bb5]"
          ],
          "_4": [
            "bb2[1]: _4 = const ()",
            "bb3[1]: _4 = const ()"
          ],
          "_5": [
            "bb1[6]: _5 = Gt(move _6, const 2_i32)"
          ],
          "_6": [
            "bb1[5]: _6 = _1"
          ]
        },
        "statement: StorageDead(_4)"
      ],
      [
        "state:",
        {
          "_1": [
            "bb1[0]: _1 = move _3"
          ],
          "_2": [
            "bb2[0]: _2 = const 5_i32",
            "bb3[0]: _2 = const 7_i32"
          ],
          "_3": [
            "bb0[7]: _3 = input() -> [return: bb1, unwind: bb5]"
          ],
          "_4": [
            "bb2[1]: _4 = const ()",
            "bb3[1]: _4 = const ()"
          ],
          "_5": [
            "bb1[6]: _5 = Gt(move _6, const 2_i32)"
          ],
          "_6": [
            "bb1[5]: _6 = _1"
          ]
        },
        "statement: _2 = const 25_i32"
      ],
      [
        "state:",
        {
          "_1": [
            "bb1[0]: _1 = move _3"
          ],
          "_2": [
            "bb4[2]: _2 = const 25_i32"
          ],
          "_3": [
            "bb0[7]: _3 = input() -> [return: bb1, unwind: bb5]"
          ],
          "_4": [
            "bb2[1]: _4 = const ()",
            "bb3[1]: _4 = const ()"
          ],
          "_5": [
            "bb1[6]: _5 = Gt(move _6, const 2_i32)"
          ],
          "_6": [
            "bb1[5]: _6 = _1"
          ]
        },
        "statement: _0 = const ()"
      ],
      [
        "state:",
        {
          "_0": [
            "bb4[3]: _0 = const ()"
          ],
          "_1": [
            "bb1[0]: _1 = move _3"
          ],
          "_2": [
            "bb4[2]: _2 = const 25_i32"
          ],
          "_3": [
            "bb0[7]: _3 = input() -> [return: bb1, unwind: bb5]"
          ],
          "_4": [
            "bb2[1]: _4 = const ()",
            "bb3[1]: _4 = const ()"
          ],
          "_5": [
            "bb1[6]: _5 = Gt(move _6, const 2_i32)"
          ],
          "_6": [
            "bb1[5]: _6 = _1"
          ]
        },
        "statement: StorageDead(_2)"
      ],
      [
        "state:",
        {
          "_0": [
            "bb4[3]: _0 = const ()"
          ],
          "_1": [
            "bb1[0]: _1 = move _3"
          ],
          "_2": [
            "bb4[2]: _2 = const 25_i32"
          ],
          "_3": [
            "bb0[7]: _3 = input() -> [return: bb1, unwind: bb5]"
          ],
          "_4": [
            "bb2[1]: _4 = const ()",
            "bb3[1]: _4 = const ()"
          ],
          "_5": [
            "bb1[6]: _5 = Gt(move _6, const 2_i32)"
          ],
          "_6": [
            "bb1[5]: _6 = _1"
          ]
        },
        "statement: StorageDead(_1)"
      ]
    ],
    "state before terminator:",
    {
      "_0": [
        "bb4[3]: _0 = const ()"
      ],
      "_1": [
        "bb1[0]: _1 = move _3"
      ],
      "_2": [
        "bb4[2]: _2 = const 25_i32"
      ],
      "_3": [
        "bb0[7]: _3 = input() -> [return: bb1, unwind: bb5]"
      ],
      "_4": [
        "bb2[1]: _4 = const ()",
        "bb3[1]: _4 = const ()"
      ],
      "_5": [
        "bb1[6]: _5 = Gt(move _6, const 2_i32)"
      ],
      "_6": [
        "bb1[5]: _6 = _1"
      ]
    },
    "terminator: return",
    {}
  ],
  "bb5": [
    [],
    "state before terminator:",
    {
      "_1": [
        "bb0[1]: _1 = const 1_i32"
      ],
      "_2": [
        "bb0[4]: _2 = const 3_i32"
      ],
      "_3": [
        "bb0[7]: _3 = input() -> [return: bb1, unwind: bb5]"
      ]
    },
    "terminator: resume",
    {}
  ]
}
