check function prusti_pre_check_item_unwrap is performed
check function prusti_post_check_item_is_some is performed
