check function prusti_pre_check_item_index_mut is performed
check function prusti_post_check_item_index_mut is performed
check function prusti_pledge_lhs_check_item_index_mut is performed
