thread 'main' panicked at $DIR/predicate-assert.rs:20:44:
Prusti Runtime Checks: Contract prusti_assert!(even(3)) was violated at runtime
note: run with `RUST_BACKTRACE=1` environment variable to display a backtrace
