custom clone is called
check function prusti_post_check_item_push is performed
check function prusti_pre_check_item_lookup is performed
check function prusti_post_check_item_push is performed
