check function prusti_post_check_item_nonsense is performed
