error: [Prusti: verification error] postcondition might not hold.
  --> $DIR/pure-sum-2.rs:16:11
   |
16 | #[ensures(sum(5) == 0)]
   |           ^^^^^^^^^^^
   |
note: the error originates here
  --> $DIR/pure-sum-2.rs:17:1
   |
17 | fn test1() {}
   | ^^^^^^^^^^^^^

error: aborting due to previous error

