thread 'main' panicked at $DIR/exists-old.rs:41:5:
Prusti Runtime Checks: Contract #[ensures(forall(|j: usize| (j < self.len()) ==> self.lookup(j) == old(self.lookup(j))))] was violated at runtime
	> expression (j < self.len()) ==> self.lookup(j) == old(self.lookup(j)) was violated for index j=4
note: run with `RUST_BACKTRACE=1` environment variable to display a backtrace
