thread 'main' panicked at $DIR/precise-info.rs:11:1:
Prusti Runtime Checks: Contract #[requires(a % 2 == 0 && forall(|x: u8| a + b + x <= 100 && a + b - x > 50))] was violated at runtime
	> expression a + b - x > 50 was violated.
	> expression a + b + x <= 100 && a + b - x > 50 was violated for index x=5
note: run with `RUST_BACKTRACE=1` environment variable to display a backtrace
