error: [Prusti: unsupported feature] unsupported cast of kind 'FloatToInt'
 --> $DIR/unsupported_cast.rs:3:12
  |
3 | #[requires(a as f32 as i32 == 0)]
  |            ^^^^^^^^^^^^^^^

error: aborting due to previous error

