check function prusti_pre_check_item_foo is performed
check function prusti_pre_check_item_bar is performed
program intact
